R3 — latent iteration (weight-tied looped block), same STRUCTONLY substrate
  seeds [0]; train T=8; eval T [2, 4, 8, 12, 16, 24]

  seed 0: LoopedLM 218,752 params, train T=8
    [looped T=8] epoch 1/12  loss 0.5860
    [looped T=8] epoch 2/12  loss 0.4445
    [looped T=8] epoch 3/12  loss 0.4319
    [looped T=8] epoch 4/12  loss 0.4340
    [looped T=8] epoch 5/12  loss 0.3761
    [looped T=8] epoch 6/12  loss 0.3230
    [looped T=8] epoch 7/12  loss 0.3023
    [looped T=8] epoch 8/12  loss 0.3211
    [looped T=8] epoch 9/12  loss 0.3080
    [looped T=8] epoch 10/12  loss 0.2438
    [looped T=8] epoch 11/12  loss 0.2181
    [looped T=8] epoch 12/12  loss 0.2051

==============================================================================
  confounded = all-negative set (constant-'no' scores 1.000); read beside `cause`.
  eval T          cause s3        cause s4         conf s3         conf s4
  2          0.796+/-0.000   0.664+/-0.000   0.305+/-0.000   0.321+/-0.000
  4          0.839+/-0.000   0.664+/-0.000   0.353+/-0.000   0.398+/-0.000
  8          0.855+/-0.000   0.661+/-0.000   0.322+/-0.000   0.391+/-0.000  <- train T
  12         0.856+/-0.000   0.648+/-0.000   0.311+/-0.000   0.391+/-0.000
  16         0.851+/-0.000   0.639+/-0.000   0.299+/-0.000   0.383+/-0.000
  24         0.845+/-0.000   0.628+/-0.000   0.294+/-0.000   0.391+/-0.000

  references (same substrate, 3 seeds): R4 one-shot 4L = 0.731/0.581 cause,
  0.190/0.160 conf · R2 token tape = 0.926/0.681 cause, 0.421/0.190 conf ·
  GNN = 1.000/0.952 cause, 1.000/0.893 conf.

  Reading: the block is applied T times with TIED weights -- iteration replaces
  depth, state lives in activations. If accuracy climbs with eval T (and s4 wants
  more T than s3), latent iteration does real work; where it plateaus vs R2 says
  which tape -- tokens or activations -- carries causal computation further.
