PURE LM, decoupled vs joint schedule -- the missing cell of the 2x2
  seeds [0]; answer is always the LM's own token

  training DECOUPLED (16000 items x 12 epochs) ...
    [decoupled] epoch 1/12  loss 0.4208
    [decoupled] epoch 2/12  loss 0.1667
    [decoupled] epoch 3/12  loss 0.1467
    [decoupled] epoch 4/12  loss 0.1388
    [decoupled] epoch 5/12  loss 0.1287
    [decoupled] epoch 6/12  loss 0.1208
    [decoupled] epoch 7/12  loss 0.1192
    [decoupled] epoch 8/12  loss 0.1164
    [decoupled] epoch 9/12  loss 0.1078
    [decoupled] epoch 10/12  loss 0.1084
    [decoupled] epoch 11/12  loss 0.1052
    [decoupled] epoch 12/12  loss 0.0987

  training STRUCTONLY (8000 items x 12 epochs) ...
    [structonly] epoch 1/12  loss 0.5567
    [structonly] epoch 2/12  loss 0.4394
    [structonly] epoch 3/12  loss 0.4317
    [structonly] epoch 4/12  loss 0.4304
    [structonly] epoch 5/12  loss 0.4284
    [structonly] epoch 6/12  loss 0.4265
    [structonly] epoch 7/12  loss 0.4264
    [structonly] epoch 8/12  loss 0.4188
    [structonly] epoch 9/12  loss 0.3941
    [structonly] epoch 10/12  loss 0.3650
    [structonly] epoch 11/12  loss 0.3118
    [structonly] epoch 12/12  loss 0.2872

==============================================================================
  confounded = correlated but NOT causal (all-negative set: constant-'no' scores 1.000)
  cause      = balanced causal query (constant-'no' scores ~0.500)
  BOTH must be high for the result to mean anything.

  arm                  conf s3         conf s4        cause s3        cause s4
  DECOUPLED      0.000+/-0.000   0.007+/-0.000   0.591+/-0.000   0.515+/-0.000
  STRUCTONLY     0.280+/-0.000   0.296+/-0.000   0.828+/-0.000   0.657+/-0.000

  self-generated graph edge F1 (is a failure perception, or reasoning?)
  DECOUPLED     s3 0.917+/-0.000   s4 0.597+/-0.000

  teacher-forced ceiling on `cause` (TRUE graph inserted -> answer)
  DECOUPLED     s3 0.591+/-0.000   s4 0.512+/-0.000

  reference: external-module route -- joint 0.43 vs two-stage 1.000/0.933 confounded

  Reading: ONE GPT-2, same init/data/capacity/gradient-steps; only the loss mask (the
  schedule) differs, and the answer is always the LM's own token. If DECOUPLED clears
  JOINT and DIRECT on confounded WHILE holding `cause` high, then the branch's canonical
  negative ('a real LM does not internalise causal reasoning') was a JOINT-schedule
  artifact, not a capability limit -- causal competence is installable in an LM's own
  weights by training it differently, with no external reasoner. If DECOUPLED does NOT
  clear them, the external routed module is genuinely load-bearing and the negative
  stands on its own -- which sharpens the thesis rather than weakening it.
