PURE LM, decoupled vs joint schedule -- the missing cell of the 2x2
  seeds [1]; answer is always the LM's own token

  training DECOUPLED (16000 items x 12 epochs) ...
    [decoupled] epoch 1/12  loss 0.4126
    [decoupled] epoch 2/12  loss 0.1647
    [decoupled] epoch 3/12  loss 0.1439
    [decoupled] epoch 4/12  loss 0.1302
    [decoupled] epoch 5/12  loss 0.1275
    [decoupled] epoch 6/12  loss 0.1193
    [decoupled] epoch 7/12  loss 0.1146
    [decoupled] epoch 8/12  loss 0.1151
    [decoupled] epoch 9/12  loss 0.1037
    [decoupled] epoch 10/12  loss 0.1019
    [decoupled] epoch 11/12  loss 0.1008
    [decoupled] epoch 12/12  loss 0.1012

  training STRUCTONLY (8000 items x 12 epochs) ...
    [structonly] epoch 1/12  loss 0.5751
    [structonly] epoch 2/12  loss 0.4384
    [structonly] epoch 3/12  loss 0.4321
    [structonly] epoch 4/12  loss 0.4295
    [structonly] epoch 5/12  loss 0.4288
    [structonly] epoch 6/12  loss 0.4303
    [structonly] epoch 7/12  loss 0.4303
    [structonly] epoch 8/12  loss 0.4286
    [structonly] epoch 9/12  loss 0.4308
    [structonly] epoch 10/12  loss 0.4218
    [structonly] epoch 11/12  loss 0.3925
    [structonly] epoch 12/12  loss 0.3650

==============================================================================
  confounded = correlated but NOT causal (all-negative set: constant-'no' scores 1.000)
  cause      = balanced causal query (constant-'no' scores ~0.500)
  BOTH must be high for the result to mean anything.

  arm                  conf s3         conf s4        cause s3        cause s4
  DECOUPLED      0.020+/-0.000   0.007+/-0.000   0.581+/-0.000   0.509+/-0.000
  STRUCTONLY     0.272+/-0.000   0.155+/-0.000   0.725+/-0.000   0.596+/-0.000

  self-generated graph edge F1 (is a failure perception, or reasoning?)
  DECOUPLED     s3 0.962+/-0.000   s4 0.586+/-0.000

  teacher-forced ceiling on `cause` (TRUE graph inserted -> answer)
  DECOUPLED     s3 0.583+/-0.000   s4 0.511+/-0.000

  reference: external-module route -- joint 0.43 vs two-stage 1.000/0.933 confounded

  Reading: ONE GPT-2, same init/data/capacity/gradient-steps; only the loss mask (the
  schedule) differs, and the answer is always the LM's own token. If DECOUPLED clears
  JOINT and DIRECT on confounded WHILE holding `cause` high, then the branch's canonical
  negative ('a real LM does not internalise causal reasoning') was a JOINT-schedule
  artifact, not a capability limit -- causal competence is installable in an LM's own
  weights by training it differently, with no external reasoner. If DECOUPLED does NOT
  clear them, the external routed module is genuinely load-bearing and the negative
  stands on its own -- which sharpens the thesis rather than weakening it.
