PURE LM, decoupled vs joint schedule -- the missing cell of the 2x2
  seeds [2]; answer is always the LM's own token

  training DECOUPLED (16000 items x 12 epochs) ...
    [decoupled] epoch 1/12  loss 0.4132
    [decoupled] epoch 2/12  loss 0.1667
    [decoupled] epoch 3/12  loss 0.1502
    [decoupled] epoch 4/12  loss 0.1380
    [decoupled] epoch 5/12  loss 0.1303
    [decoupled] epoch 6/12  loss 0.1233
    [decoupled] epoch 7/12  loss 0.1210
    [decoupled] epoch 8/12  loss 0.1106
    [decoupled] epoch 9/12  loss 0.1113
    [decoupled] epoch 10/12  loss 0.1088
    [decoupled] epoch 11/12  loss 0.1000
    [decoupled] epoch 12/12  loss 0.1032

  training STRUCTONLY (8000 items x 12 epochs) ...
    [structonly] epoch 1/12  loss 0.5798
    [structonly] epoch 2/12  loss 0.4427
    [structonly] epoch 3/12  loss 0.4413
    [structonly] epoch 4/12  loss 0.4368
    [structonly] epoch 5/12  loss 0.4397
    [structonly] epoch 6/12  loss 0.4345
    [structonly] epoch 7/12  loss 0.4338
    [structonly] epoch 8/12  loss 0.4314
    [structonly] epoch 9/12  loss 0.4313
    [structonly] epoch 10/12  loss 0.4241
    [structonly] epoch 11/12  loss 0.4219
    [structonly] epoch 12/12  loss 0.4053

==============================================================================
  confounded = correlated but NOT causal (all-negative set: constant-'no' scores 1.000)
  cause      = balanced causal query (constant-'no' scores ~0.500)
  BOTH must be high for the result to mean anything.

  arm                  conf s3         conf s4        cause s3        cause s4
  DECOUPLED      0.000+/-0.000   0.003+/-0.000   0.607+/-0.000   0.509+/-0.000
  STRUCTONLY     0.017+/-0.000   0.030+/-0.000   0.640+/-0.000   0.491+/-0.000

  self-generated graph edge F1 (is a failure perception, or reasoning?)
  DECOUPLED     s3 0.947+/-0.000   s4 0.587+/-0.000

  teacher-forced ceiling on `cause` (TRUE graph inserted -> answer)
  DECOUPLED     s3 0.607+/-0.000   s4 0.509+/-0.000

  reference: external-module route -- joint 0.43 vs two-stage 1.000/0.933 confounded

  Reading: ONE GPT-2, same init/data/capacity/gradient-steps; only the loss mask (the
  schedule) differs, and the answer is always the LM's own token. If DECOUPLED clears
  JOINT and DIRECT on confounded WHILE holding `cause` high, then the branch's canonical
  negative ('a real LM does not internalise causal reasoning') was a JOINT-schedule
  artifact, not a capability limit -- causal competence is installable in an LM's own
  weights by training it differently, with no external reasoner. If DECOUPLED does NOT
  clear them, the external routed module is genuinely load-bearing and the negative
  stands on its own -- which sharpens the thesis rather than weakening it.
